// Jest Snapshot v1, https://goo.gl/fbAQLP

exports[`CustomFormButtons render component without error 1`] = `undefined`;
