// Jest Snapshot v1, https://goo.gl/fbAQLP

exports[`DateOfBirthInput render component without error 1`] = `
{
  "asFragment": [Function],
  "baseElement": <body>
    <div>
      <form
        class="ant-form ant-form-horizontal css-dev-only-do-not-override-12upa3x"
      >
        <div
          class="ant-form-item date-of-birth css-dev-only-do-not-override-12upa3x"
        >
          <div
            class="ant-row ant-form-item-row css-dev-only-do-not-override-12upa3x"
          >
            <div
              class="ant-col ant-form-item-label css-dev-only-do-not-override-12upa3x"
            >
              <label
                class=""
                for="dateOfBirth"
                title=""
              >
                <span
                  class="date-of-birth__label"
                >
                  Enter your date of birth
                </span>
              </label>
            </div>
            <div
              class="ant-col ant-form-item-control css-dev-only-do-not-override-12upa3x"
            >
              <div
                class="ant-form-item-control-input"
              >
                <div
                  class="ant-form-item-control-input-content"
                >
                  <div
                    class="ant-row css-dev-only-do-not-override-12upa3x"
                    id="dateOfBirth"
                  >
                    <div
                      class="ant-col ant-col-4 css-dev-only-do-not-override-12upa3x"
                    >
                      <div
                        class="ant-form-item date-of-birth__input css-dev-only-do-not-override-12upa3x"
                      >
                        <div
                          class="ant-row ant-form-item-row css-dev-only-do-not-override-12upa3x"
                        >
                          <div
                            class="ant-col ant-form-item-label css-dev-only-do-not-override-12upa3x"
                          >
                            <label
                              class=""
                              for="day"
                              title=""
                            >
                              <span
                                class="date-of-birth__label"
                              >
                                Day
                              </span>
                            </label>
                          </div>
                          <div
                            class="ant-col ant-form-item-control css-dev-only-do-not-override-12upa3x"
                          >
                            <div
                              class="ant-form-item-control-input"
                            >
                              <div
                                class="ant-form-item-control-input-content"
                              >
                                <input
                                  class="ant-input css-dev-only-do-not-override-12upa3x"
                                  id="day"
                                  maxlength="2"
                                  placeholder="DD"
                                  type="text"
                                  value=""
                                />
                              </div>
                            </div>
                          </div>
                        </div>
                      </div>
                    </div>
                    <div
                      class="ant-col ant-col-14 ant-col-offset-1 css-dev-only-do-not-override-12upa3x"
                    >
                      <div
                        class="ant-form-item date-of-birth__input css-dev-only-do-not-override-12upa3x"
                      >
                        <div
                          class="ant-row ant-form-item-row css-dev-only-do-not-override-12upa3x"
                        >
                          <div
                            class="ant-col ant-form-item-label css-dev-only-do-not-override-12upa3x"
                          >
                            <label
                              class=""
                              for="Month"
                              title=""
                            >
                              <span
                                class="date-of-birth__label"
                              >
                                Month
                              </span>
                            </label>
                          </div>
                          <div
                            class="ant-col ant-form-item-control css-dev-only-do-not-override-12upa3x"
                          >
                            <div
                              class="ant-form-item-control-input"
                            >
                              <div
                                class="ant-form-item-control-input-content"
                              >
                                <div
                                  class="ant-select ant-select-in-form-item css-dev-only-do-not-override-12upa3x ant-select-single ant-select-show-arrow"
                                >
                                  <div
                                    class="ant-select-selector"
                                  >
                                    <span
                                      class="ant-select-selection-search"
                                    >
                                      <input
                                        aria-activedescendant="Month_list_0"
                                        aria-autocomplete="list"
                                        aria-controls="Month_list"
                                        aria-expanded="false"
                                        aria-haspopup="listbox"
                                        aria-owns="Month_list"
                                        autocomplete="off"
                                        class="ant-select-selection-search-input"
                                        id="Month"
                                        readonly=""
                                        role="combobox"
                                        style="opacity: 0;"
                                        type="search"
                                        unselectable="on"
                                        value=""
                                      />
                                    </span>
                                    <span
                                      class="ant-select-selection-placeholder"
                                    >
                                      Month
                                    </span>
                                  </div>
                                  <span
                                    aria-hidden="true"
                                    class="ant-select-arrow"
                                    style="user-select: none;"
                                    unselectable="on"
                                  >
                                    <span
                                      aria-label="down"
                                      class="anticon anticon-down ant-select-suffix"
                                      role="img"
                                    >
                                      <svg
                                        aria-hidden="true"
                                        data-icon="down"
                                        fill="currentColor"
                                        focusable="false"
                                        height="1em"
                                        viewBox="64 64 896 896"
                                        width="1em"
                                      >
                                        <path
                                          d="M884 256h-75c-5.1 0-9.9 2.5-12.9 6.6L512 654.2 227.9 262.6c-3-4.1-7.8-6.6-12.9-6.6h-75c-6.5 0-10.3 7.4-6.5 12.7l352.6 486.1c12.8 17.6 39 17.6 51.7 0l352.6-486.1c3.9-5.3.1-12.7-6.4-12.7z"
                                        />
                                      </svg>
                                    </span>
                                  </span>
                                </div>
                              </div>
                            </div>
                          </div>
                        </div>
                      </div>
                    </div>
                    <div
                      class="ant-col ant-col-4 ant-col-offset-1 css-dev-only-do-not-override-12upa3x"
                    >
                      <div
                        class="ant-form-item date-of-birth__input css-dev-only-do-not-override-12upa3x"
                      >
                        <div
                          class="ant-row ant-form-item-row css-dev-only-do-not-override-12upa3x"
                        >
                          <div
                            class="ant-col ant-form-item-label css-dev-only-do-not-override-12upa3x"
                          >
                            <label
                              class=""
                              for="year"
                              title=""
                            >
                              <span
                                class="date-of-birth__label"
                              >
                                Year
                              </span>
                            </label>
                          </div>
                          <div
                            class="ant-col ant-form-item-control css-dev-only-do-not-override-12upa3x"
                          >
                            <div
                              class="ant-form-item-control-input"
                            >
                              <div
                                class="ant-form-item-control-input-content"
                              >
                                <input
                                  class="ant-input css-dev-only-do-not-override-12upa3x"
                                  id="year"
                                  maxlength="4"
                                  placeholder="RRRR"
                                  type="text"
                                  value=""
                                />
                              </div>
                            </div>
                          </div>
                        </div>
                      </div>
                    </div>
                  </div>
                </div>
              </div>
            </div>
          </div>
        </div>
      </form>
    </div>
  </body>,
  "container": <div>
    <form
      class="ant-form ant-form-horizontal css-dev-only-do-not-override-12upa3x"
    >
      <div
        class="ant-form-item date-of-birth css-dev-only-do-not-override-12upa3x"
      >
        <div
          class="ant-row ant-form-item-row css-dev-only-do-not-override-12upa3x"
        >
          <div
            class="ant-col ant-form-item-label css-dev-only-do-not-override-12upa3x"
          >
            <label
              class=""
              for="dateOfBirth"
              title=""
            >
              <span
                class="date-of-birth__label"
              >
                Enter your date of birth
              </span>
            </label>
          </div>
          <div
            class="ant-col ant-form-item-control css-dev-only-do-not-override-12upa3x"
          >
            <div
              class="ant-form-item-control-input"
            >
              <div
                class="ant-form-item-control-input-content"
              >
                <div
                  class="ant-row css-dev-only-do-not-override-12upa3x"
                  id="dateOfBirth"
                >
                  <div
                    class="ant-col ant-col-4 css-dev-only-do-not-override-12upa3x"
                  >
                    <div
                      class="ant-form-item date-of-birth__input css-dev-only-do-not-override-12upa3x"
                    >
                      <div
                        class="ant-row ant-form-item-row css-dev-only-do-not-override-12upa3x"
                      >
                        <div
                          class="ant-col ant-form-item-label css-dev-only-do-not-override-12upa3x"
                        >
                          <label
                            class=""
                            for="day"
                            title=""
                          >
                            <span
                              class="date-of-birth__label"
                            >
                              Day
                            </span>
                          </label>
                        </div>
                        <div
                          class="ant-col ant-form-item-control css-dev-only-do-not-override-12upa3x"
                        >
                          <div
                            class="ant-form-item-control-input"
                          >
                            <div
                              class="ant-form-item-control-input-content"
                            >
                              <input
                                class="ant-input css-dev-only-do-not-override-12upa3x"
                                id="day"
                                maxlength="2"
                                placeholder="DD"
                                type="text"
                                value=""
                              />
                            </div>
                          </div>
                        </div>
                      </div>
                    </div>
                  </div>
                  <div
                    class="ant-col ant-col-14 ant-col-offset-1 css-dev-only-do-not-override-12upa3x"
                  >
                    <div
                      class="ant-form-item date-of-birth__input css-dev-only-do-not-override-12upa3x"
                    >
                      <div
                        class="ant-row ant-form-item-row css-dev-only-do-not-override-12upa3x"
                      >
                        <div
                          class="ant-col ant-form-item-label css-dev-only-do-not-override-12upa3x"
                        >
                          <label
                            class=""
                            for="Month"
                            title=""
                          >
                            <span
                              class="date-of-birth__label"
                            >
                              Month
                            </span>
                          </label>
                        </div>
                        <div
                          class="ant-col ant-form-item-control css-dev-only-do-not-override-12upa3x"
                        >
                          <div
                            class="ant-form-item-control-input"
                          >
                            <div
                              class="ant-form-item-control-input-content"
                            >
                              <div
                                class="ant-select ant-select-in-form-item css-dev-only-do-not-override-12upa3x ant-select-single ant-select-show-arrow"
                              >
                                <div
                                  class="ant-select-selector"
                                >
                                  <span
                                    class="ant-select-selection-search"
                                  >
                                    <input
                                      aria-activedescendant="Month_list_0"
                                      aria-autocomplete="list"
                                      aria-controls="Month_list"
                                      aria-expanded="false"
                                      aria-haspopup="listbox"
                                      aria-owns="Month_list"
                                      autocomplete="off"
                                      class="ant-select-selection-search-input"
                                      id="Month"
                                      readonly=""
                                      role="combobox"
                                      style="opacity: 0;"
                                      type="search"
                                      unselectable="on"
                                      value=""
                                    />
                                  </span>
                                  <span
                                    class="ant-select-selection-placeholder"
                                  >
                                    Month
                                  </span>
                                </div>
                                <span
                                  aria-hidden="true"
                                  class="ant-select-arrow"
                                  style="user-select: none;"
                                  unselectable="on"
                                >
                                  <span
                                    aria-label="down"
                                    class="anticon anticon-down ant-select-suffix"
                                    role="img"
                                  >
                                    <svg
                                      aria-hidden="true"
                                      data-icon="down"
                                      fill="currentColor"
                                      focusable="false"
                                      height="1em"
                                      viewBox="64 64 896 896"
                                      width="1em"
                                    >
                                      <path
                                        d="M884 256h-75c-5.1 0-9.9 2.5-12.9 6.6L512 654.2 227.9 262.6c-3-4.1-7.8-6.6-12.9-6.6h-75c-6.5 0-10.3 7.4-6.5 12.7l352.6 486.1c12.8 17.6 39 17.6 51.7 0l352.6-486.1c3.9-5.3.1-12.7-6.4-12.7z"
                                      />
                                    </svg>
                                  </span>
                                </span>
                              </div>
                            </div>
                          </div>
                        </div>
                      </div>
                    </div>
                  </div>
                  <div
                    class="ant-col ant-col-4 ant-col-offset-1 css-dev-only-do-not-override-12upa3x"
                  >
                    <div
                      class="ant-form-item date-of-birth__input css-dev-only-do-not-override-12upa3x"
                    >
                      <div
                        class="ant-row ant-form-item-row css-dev-only-do-not-override-12upa3x"
                      >
                        <div
                          class="ant-col ant-form-item-label css-dev-only-do-not-override-12upa3x"
                        >
                          <label
                            class=""
                            for="year"
                            title=""
                          >
                            <span
                              class="date-of-birth__label"
                            >
                              Year
                            </span>
                          </label>
                        </div>
                        <div
                          class="ant-col ant-form-item-control css-dev-only-do-not-override-12upa3x"
                        >
                          <div
                            class="ant-form-item-control-input"
                          >
                            <div
                              class="ant-form-item-control-input-content"
                            >
                              <input
                                class="ant-input css-dev-only-do-not-override-12upa3x"
                                id="year"
                                maxlength="4"
                                placeholder="RRRR"
                                type="text"
                                value=""
                              />
                            </div>
                          </div>
                        </div>
                      </div>
                    </div>
                  </div>
                </div>
              </div>
            </div>
          </div>
        </div>
      </div>
    </form>
  </div>,
  "debug": [Function],
  "findAllByAltText": [Function],
  "findAllByDisplayValue": [Function],
  "findAllByLabelText": [Function],
  "findAllByPlaceholderText": [Function],
  "findAllByRole": [Function],
  "findAllByTestId": [Function],
  "findAllByText": [Function],
  "findAllByTitle": [Function],
  "findByAltText": [Function],
  "findByDisplayValue": [Function],
  "findByLabelText": [Function],
  "findByPlaceholderText": [Function],
  "findByRole": [Function],
  "findByTestId": [Function],
  "findByText": [Function],
  "findByTitle": [Function],
  "getAllByAltText": [Function],
  "getAllByDisplayValue": [Function],
  "getAllByLabelText": [Function],
  "getAllByPlaceholderText": [Function],
  "getAllByRole": [Function],
  "getAllByTestId": [Function],
  "getAllByText": [Function],
  "getAllByTitle": [Function],
  "getByAltText": [Function],
  "getByDisplayValue": [Function],
  "getByLabelText": [Function],
  "getByPlaceholderText": [Function],
  "getByRole": [Function],
  "getByTestId": [Function],
  "getByText": [Function],
  "getByTitle": [Function],
  "queryAllByAltText": [Function],
  "queryAllByDisplayValue": [Function],
  "queryAllByLabelText": [Function],
  "queryAllByPlaceholderText": [Function],
  "queryAllByRole": [Function],
  "queryAllByTestId": [Function],
  "queryAllByText": [Function],
  "queryAllByTitle": [Function],
  "queryByAltText": [Function],
  "queryByDisplayValue": [Function],
  "queryByLabelText": [Function],
  "queryByPlaceholderText": [Function],
  "queryByRole": [Function],
  "queryByTestId": [Function],
  "queryByText": [Function],
  "queryByTitle": [Function],
  "rerender": [Function],
  "unmount": [Function],
}
`;
