// Jest Snapshot v1, https://goo.gl/fbAQLP

exports[`AlbumInformation renders component without error 1`] = `
{
  "asFragment": [Function],
  "baseElement": <body>
    <div>
      <div
        class="album-information"
      >
        <div
          data-mouseenterdelay="0.5"
          data-placement="right"
          data-testid="album-information-collection-name-tooltip"
        >
          <h3
            class="album-information__text"
            data-testid="album-information-collection-name"
          >
            Mocked album name
          </h3>
          <span>
            Mocked album name
          </span>
        </div>
        <div
          class="album-information__wrapper"
        >
          <span
            class="album-information__release-date"
            data-testid="album-information-release-date"
          >
            2020
          </span>
          <span
            class="album-information__separator"
          >
            •
          </span>
          <button
            class="album-information__text album-information__artist"
            data-testid="album-information-artist-name"
          >
            <div
              data-mouseenterdelay="0.5"
              data-placement="right"
              data-testid="album-information-artist-name-tooltip"
            >
              <span>
                Mocked artist name
              </span>
              <span>
                Mocked artist name
              </span>
            </div>
          </button>
        </div>
      </div>
    </div>
  </body>,
  "container": <div>
    <div
      class="album-information"
    >
      <div
        data-mouseenterdelay="0.5"
        data-placement="right"
        data-testid="album-information-collection-name-tooltip"
      >
        <h3
          class="album-information__text"
          data-testid="album-information-collection-name"
        >
          Mocked album name
        </h3>
        <span>
          Mocked album name
        </span>
      </div>
      <div
        class="album-information__wrapper"
      >
        <span
          class="album-information__release-date"
          data-testid="album-information-release-date"
        >
          2020
        </span>
        <span
          class="album-information__separator"
        >
          •
        </span>
        <button
          class="album-information__text album-information__artist"
          data-testid="album-information-artist-name"
        >
          <div
            data-mouseenterdelay="0.5"
            data-placement="right"
            data-testid="album-information-artist-name-tooltip"
          >
            <span>
              Mocked artist name
            </span>
            <span>
              Mocked artist name
            </span>
          </div>
        </button>
      </div>
    </div>
  </div>,
  "debug": [Function],
  "findAllByAltText": [Function],
  "findAllByDisplayValue": [Function],
  "findAllByLabelText": [Function],
  "findAllByPlaceholderText": [Function],
  "findAllByRole": [Function],
  "findAllByTestId": [Function],
  "findAllByText": [Function],
  "findAllByTitle": [Function],
  "findByAltText": [Function],
  "findByDisplayValue": [Function],
  "findByLabelText": [Function],
  "findByPlaceholderText": [Function],
  "findByRole": [Function],
  "findByTestId": [Function],
  "findByText": [Function],
  "findByTitle": [Function],
  "getAllByAltText": [Function],
  "getAllByDisplayValue": [Function],
  "getAllByLabelText": [Function],
  "getAllByPlaceholderText": [Function],
  "getAllByRole": [Function],
  "getAllByTestId": [Function],
  "getAllByText": [Function],
  "getAllByTitle": [Function],
  "getByAltText": [Function],
  "getByDisplayValue": [Function],
  "getByLabelText": [Function],
  "getByPlaceholderText": [Function],
  "getByRole": [Function],
  "getByTestId": [Function],
  "getByText": [Function],
  "getByTitle": [Function],
  "queryAllByAltText": [Function],
  "queryAllByDisplayValue": [Function],
  "queryAllByLabelText": [Function],
  "queryAllByPlaceholderText": [Function],
  "queryAllByRole": [Function],
  "queryAllByTestId": [Function],
  "queryAllByText": [Function],
  "queryAllByTitle": [Function],
  "queryByAltText": [Function],
  "queryByDisplayValue": [Function],
  "queryByLabelText": [Function],
  "queryByPlaceholderText": [Function],
  "queryByRole": [Function],
  "queryByTestId": [Function],
  "queryByText": [Function],
  "queryByTitle": [Function],
  "rerender": [Function],
  "unmount": [Function],
}
`;
