// Jest Snapshot v1, https://goo.gl/fbAQLP

exports[`MusicTrackInformation renders component without error 1`] = `
{
  "asFragment": [Function],
  "baseElement": <body>
    <div>
      <div
        class="music-track-informations"
      >
        <div
          data-mouseenterdelay="0.5"
          data-placement="right"
          data-testid="music-track-informations-track-name-tooltip"
        >
          <h4
            class="music-track-informations__text"
            data-testid="music-track-informations-track-name"
          >
            Mocked title
          </h4>
          <span>
            Mocked title
          </span>
        </div>
        <button
          class="music-track-informations__text music-track-informations__artist"
          data-testid="music-track-informations-artist-name"
        >
          <div
            data-mouseenterdelay="0.5"
            data-placement="right"
            data-testid="music-track-informations-artist-name-tooltip"
          >
            <span>
              Mocked First TArtist Name
            </span>
            <span>
              Mocked First TArtist Name
            </span>
          </div>
        </button>
      </div>
    </div>
  </body>,
  "container": <div>
    <div
      class="music-track-informations"
    >
      <div
        data-mouseenterdelay="0.5"
        data-placement="right"
        data-testid="music-track-informations-track-name-tooltip"
      >
        <h4
          class="music-track-informations__text"
          data-testid="music-track-informations-track-name"
        >
          Mocked title
        </h4>
        <span>
          Mocked title
        </span>
      </div>
      <button
        class="music-track-informations__text music-track-informations__artist"
        data-testid="music-track-informations-artist-name"
      >
        <div
          data-mouseenterdelay="0.5"
          data-placement="right"
          data-testid="music-track-informations-artist-name-tooltip"
        >
          <span>
            Mocked First TArtist Name
          </span>
          <span>
            Mocked First TArtist Name
          </span>
        </div>
      </button>
    </div>
  </div>,
  "debug": [Function],
  "findAllByAltText": [Function],
  "findAllByDisplayValue": [Function],
  "findAllByLabelText": [Function],
  "findAllByPlaceholderText": [Function],
  "findAllByRole": [Function],
  "findAllByTestId": [Function],
  "findAllByText": [Function],
  "findAllByTitle": [Function],
  "findByAltText": [Function],
  "findByDisplayValue": [Function],
  "findByLabelText": [Function],
  "findByPlaceholderText": [Function],
  "findByRole": [Function],
  "findByTestId": [Function],
  "findByText": [Function],
  "findByTitle": [Function],
  "getAllByAltText": [Function],
  "getAllByDisplayValue": [Function],
  "getAllByLabelText": [Function],
  "getAllByPlaceholderText": [Function],
  "getAllByRole": [Function],
  "getAllByTestId": [Function],
  "getAllByText": [Function],
  "getAllByTitle": [Function],
  "getByAltText": [Function],
  "getByDisplayValue": [Function],
  "getByLabelText": [Function],
  "getByPlaceholderText": [Function],
  "getByRole": [Function],
  "getByTestId": [Function],
  "getByText": [Function],
  "getByTitle": [Function],
  "queryAllByAltText": [Function],
  "queryAllByDisplayValue": [Function],
  "queryAllByLabelText": [Function],
  "queryAllByPlaceholderText": [Function],
  "queryAllByRole": [Function],
  "queryAllByTestId": [Function],
  "queryAllByText": [Function],
  "queryAllByTitle": [Function],
  "queryByAltText": [Function],
  "queryByDisplayValue": [Function],
  "queryByLabelText": [Function],
  "queryByPlaceholderText": [Function],
  "queryByRole": [Function],
  "queryByTestId": [Function],
  "queryByText": [Function],
  "queryByTitle": [Function],
  "rerender": [Function],
  "unmount": [Function],
}
`;
