// Jest Snapshot v1, https://goo.gl/fbAQLP

exports[`CustomFormItem render component without error 1`] = `
{
  "asFragment": [Function],
  "baseElement": <body>
    <div>
      <form
        class="ant-form ant-form-horizontal css-dev-only-do-not-override-12upa3x"
      >
        <div
          class="ant-form-item form-item css-dev-only-do-not-override-12upa3x"
        >
          <div
            class="ant-row ant-form-item-row css-dev-only-do-not-override-12upa3x"
          >
            <div
              class="ant-col ant-form-item-label css-dev-only-do-not-override-12upa3x"
            >
              <label
                class=""
                for="text"
                title=""
              >
                <span
                  class="form-item__label"
                >
                  Enter text
                </span>
              </label>
            </div>
            <div
              class="ant-col ant-form-item-control css-dev-only-do-not-override-12upa3x"
            >
              <div
                class="ant-form-item-control-input"
              >
                <div
                  class="ant-form-item-control-input-content"
                >
                  <input
                    class="ant-input css-dev-only-do-not-override-12upa3x"
                    data-testid="input-type-text"
                    id="text"
                    placeholder="Enter text"
                    type="text"
                    value=""
                  />
                </div>
              </div>
            </div>
          </div>
        </div>
      </form>
    </div>
  </body>,
  "container": <div>
    <form
      class="ant-form ant-form-horizontal css-dev-only-do-not-override-12upa3x"
    >
      <div
        class="ant-form-item form-item css-dev-only-do-not-override-12upa3x"
      >
        <div
          class="ant-row ant-form-item-row css-dev-only-do-not-override-12upa3x"
        >
          <div
            class="ant-col ant-form-item-label css-dev-only-do-not-override-12upa3x"
          >
            <label
              class=""
              for="text"
              title=""
            >
              <span
                class="form-item__label"
              >
                Enter text
              </span>
            </label>
          </div>
          <div
            class="ant-col ant-form-item-control css-dev-only-do-not-override-12upa3x"
          >
            <div
              class="ant-form-item-control-input"
            >
              <div
                class="ant-form-item-control-input-content"
              >
                <input
                  class="ant-input css-dev-only-do-not-override-12upa3x"
                  data-testid="input-type-text"
                  id="text"
                  placeholder="Enter text"
                  type="text"
                  value=""
                />
              </div>
            </div>
          </div>
        </div>
      </div>
    </form>
  </div>,
  "debug": [Function],
  "findAllByAltText": [Function],
  "findAllByDisplayValue": [Function],
  "findAllByLabelText": [Function],
  "findAllByPlaceholderText": [Function],
  "findAllByRole": [Function],
  "findAllByTestId": [Function],
  "findAllByText": [Function],
  "findAllByTitle": [Function],
  "findByAltText": [Function],
  "findByDisplayValue": [Function],
  "findByLabelText": [Function],
  "findByPlaceholderText": [Function],
  "findByRole": [Function],
  "findByTestId": [Function],
  "findByText": [Function],
  "findByTitle": [Function],
  "getAllByAltText": [Function],
  "getAllByDisplayValue": [Function],
  "getAllByLabelText": [Function],
  "getAllByPlaceholderText": [Function],
  "getAllByRole": [Function],
  "getAllByTestId": [Function],
  "getAllByText": [Function],
  "getAllByTitle": [Function],
  "getByAltText": [Function],
  "getByDisplayValue": [Function],
  "getByLabelText": [Function],
  "getByPlaceholderText": [Function],
  "getByRole": [Function],
  "getByTestId": [Function],
  "getByText": [Function],
  "getByTitle": [Function],
  "queryAllByAltText": [Function],
  "queryAllByDisplayValue": [Function],
  "queryAllByLabelText": [Function],
  "queryAllByPlaceholderText": [Function],
  "queryAllByRole": [Function],
  "queryAllByTestId": [Function],
  "queryAllByText": [Function],
  "queryAllByTitle": [Function],
  "queryByAltText": [Function],
  "queryByDisplayValue": [Function],
  "queryByLabelText": [Function],
  "queryByPlaceholderText": [Function],
  "queryByRole": [Function],
  "queryByTestId": [Function],
  "queryByText": [Function],
  "queryByTitle": [Function],
  "rerender": [Function],
  "unmount": [Function],
}
`;
