// Jest Snapshot v1, https://goo.gl/fbAQLP

exports[`Redirects render component without error 1`] = `
{
  "asFragment": [Function],
  "baseElement": <body>
    <div>
      <ul
        class="redirects"
      >
        <li>
          <button
            class="ant-btn css-dev-only-do-not-override-12upa3x ant-btn-round ant-btn-default ant-btn-lg redirects__item sign-up-button"
            data-testid="redirection-to-registration"
            role="button"
            type="button"
          >
            <span>
              Sign up
            </span>
          </button>
        </li>
        <li>
          <button
            class="ant-btn css-dev-only-do-not-override-12upa3x ant-btn-round ant-btn-default ant-btn-lg redirects__item sign-in-button"
            data-testid="redirection-to-login"
            role="button"
            type="button"
          >
            <span>
              Sign in
            </span>
          </button>
        </li>
      </ul>
    </div>
  </body>,
  "container": <div>
    <ul
      class="redirects"
    >
      <li>
        <button
          class="ant-btn css-dev-only-do-not-override-12upa3x ant-btn-round ant-btn-default ant-btn-lg redirects__item sign-up-button"
          data-testid="redirection-to-registration"
          role="button"
          type="button"
        >
          <span>
            Sign up
          </span>
        </button>
      </li>
      <li>
        <button
          class="ant-btn css-dev-only-do-not-override-12upa3x ant-btn-round ant-btn-default ant-btn-lg redirects__item sign-in-button"
          data-testid="redirection-to-login"
          role="button"
          type="button"
        >
          <span>
            Sign in
          </span>
        </button>
      </li>
    </ul>
  </div>,
  "debug": [Function],
  "findAllByAltText": [Function],
  "findAllByDisplayValue": [Function],
  "findAllByLabelText": [Function],
  "findAllByPlaceholderText": [Function],
  "findAllByRole": [Function],
  "findAllByTestId": [Function],
  "findAllByText": [Function],
  "findAllByTitle": [Function],
  "findByAltText": [Function],
  "findByDisplayValue": [Function],
  "findByLabelText": [Function],
  "findByPlaceholderText": [Function],
  "findByRole": [Function],
  "findByTestId": [Function],
  "findByText": [Function],
  "findByTitle": [Function],
  "getAllByAltText": [Function],
  "getAllByDisplayValue": [Function],
  "getAllByLabelText": [Function],
  "getAllByPlaceholderText": [Function],
  "getAllByRole": [Function],
  "getAllByTestId": [Function],
  "getAllByText": [Function],
  "getAllByTitle": [Function],
  "getByAltText": [Function],
  "getByDisplayValue": [Function],
  "getByLabelText": [Function],
  "getByPlaceholderText": [Function],
  "getByRole": [Function],
  "getByTestId": [Function],
  "getByText": [Function],
  "getByTitle": [Function],
  "queryAllByAltText": [Function],
  "queryAllByDisplayValue": [Function],
  "queryAllByLabelText": [Function],
  "queryAllByPlaceholderText": [Function],
  "queryAllByRole": [Function],
  "queryAllByTestId": [Function],
  "queryAllByText": [Function],
  "queryAllByTitle": [Function],
  "queryByAltText": [Function],
  "queryByDisplayValue": [Function],
  "queryByLabelText": [Function],
  "queryByPlaceholderText": [Function],
  "queryByRole": [Function],
  "queryByTestId": [Function],
  "queryByText": [Function],
  "queryByTitle": [Function],
  "rerender": [Function],
  "unmount": [Function],
}
`;
