// Jest Snapshot v1, https://goo.gl/fbAQLP

exports[`CustomSectionLoader renders component without error 1`] = `
{
  "asFragment": [Function],
  "baseElement": <body>
    <div>
      <section
        class="custom-section-loader"
      >
        <div
          class="custom-section-loader__header"
        >
          <div
            class="custom-section-loader__header__title"
          />
          <div
            class="custom-section-loader__header__redirection"
          />
        </div>
        <ul
          class="custom-section-loader__items"
        >
          <li>
            <div
              class="custom-section-item-loader"
            >
              <div
                class="custom-section-item-loader__image"
              />
              <div
                class="custom-section-item-loader__skeleton-text__container"
              >
                <div
                  class="custom-section-item-loader__skeleton-text__header"
                />
                <div
                  class="custom-section-item-loader__skeleton-text__subheader"
                />
              </div>
            </div>
          </li>
          <li>
            <div
              class="custom-section-item-loader"
            >
              <div
                class="custom-section-item-loader__image"
              />
              <div
                class="custom-section-item-loader__skeleton-text__container"
              >
                <div
                  class="custom-section-item-loader__skeleton-text__header"
                />
                <div
                  class="custom-section-item-loader__skeleton-text__subheader"
                />
              </div>
            </div>
          </li>
          <li>
            <div
              class="custom-section-item-loader"
            >
              <div
                class="custom-section-item-loader__image"
              />
              <div
                class="custom-section-item-loader__skeleton-text__container"
              >
                <div
                  class="custom-section-item-loader__skeleton-text__header"
                />
                <div
                  class="custom-section-item-loader__skeleton-text__subheader"
                />
              </div>
            </div>
          </li>
          <li>
            <div
              class="custom-section-item-loader"
            >
              <div
                class="custom-section-item-loader__image"
              />
              <div
                class="custom-section-item-loader__skeleton-text__container"
              >
                <div
                  class="custom-section-item-loader__skeleton-text__header"
                />
                <div
                  class="custom-section-item-loader__skeleton-text__subheader"
                />
              </div>
            </div>
          </li>
          <li>
            <div
              class="custom-section-item-loader"
            >
              <div
                class="custom-section-item-loader__image"
              />
              <div
                class="custom-section-item-loader__skeleton-text__container"
              >
                <div
                  class="custom-section-item-loader__skeleton-text__header"
                />
                <div
                  class="custom-section-item-loader__skeleton-text__subheader"
                />
              </div>
            </div>
          </li>
          <li>
            <div
              class="custom-section-item-loader"
            >
              <div
                class="custom-section-item-loader__image"
              />
              <div
                class="custom-section-item-loader__skeleton-text__container"
              >
                <div
                  class="custom-section-item-loader__skeleton-text__header"
                />
                <div
                  class="custom-section-item-loader__skeleton-text__subheader"
                />
              </div>
            </div>
          </li>
          <li>
            <div
              class="custom-section-item-loader"
            >
              <div
                class="custom-section-item-loader__image"
              />
              <div
                class="custom-section-item-loader__skeleton-text__container"
              >
                <div
                  class="custom-section-item-loader__skeleton-text__header"
                />
                <div
                  class="custom-section-item-loader__skeleton-text__subheader"
                />
              </div>
            </div>
          </li>
          <li>
            <div
              class="custom-section-item-loader"
            >
              <div
                class="custom-section-item-loader__image"
              />
              <div
                class="custom-section-item-loader__skeleton-text__container"
              >
                <div
                  class="custom-section-item-loader__skeleton-text__header"
                />
                <div
                  class="custom-section-item-loader__skeleton-text__subheader"
                />
              </div>
            </div>
          </li>
          <li>
            <div
              class="custom-section-item-loader"
            >
              <div
                class="custom-section-item-loader__image"
              />
              <div
                class="custom-section-item-loader__skeleton-text__container"
              >
                <div
                  class="custom-section-item-loader__skeleton-text__header"
                />
                <div
                  class="custom-section-item-loader__skeleton-text__subheader"
                />
              </div>
            </div>
          </li>
          <li>
            <div
              class="custom-section-item-loader"
            >
              <div
                class="custom-section-item-loader__image"
              />
              <div
                class="custom-section-item-loader__skeleton-text__container"
              >
                <div
                  class="custom-section-item-loader__skeleton-text__header"
                />
                <div
                  class="custom-section-item-loader__skeleton-text__subheader"
                />
              </div>
            </div>
          </li>
          <li>
            <div
              class="custom-section-item-loader"
            >
              <div
                class="custom-section-item-loader__image"
              />
              <div
                class="custom-section-item-loader__skeleton-text__container"
              >
                <div
                  class="custom-section-item-loader__skeleton-text__header"
                />
                <div
                  class="custom-section-item-loader__skeleton-text__subheader"
                />
              </div>
            </div>
          </li>
          <li>
            <div
              class="custom-section-item-loader"
            >
              <div
                class="custom-section-item-loader__image"
              />
              <div
                class="custom-section-item-loader__skeleton-text__container"
              >
                <div
                  class="custom-section-item-loader__skeleton-text__header"
                />
                <div
                  class="custom-section-item-loader__skeleton-text__subheader"
                />
              </div>
            </div>
          </li>
          <li>
            <div
              class="custom-section-item-loader"
            >
              <div
                class="custom-section-item-loader__image"
              />
              <div
                class="custom-section-item-loader__skeleton-text__container"
              >
                <div
                  class="custom-section-item-loader__skeleton-text__header"
                />
                <div
                  class="custom-section-item-loader__skeleton-text__subheader"
                />
              </div>
            </div>
          </li>
          <li>
            <div
              class="custom-section-item-loader"
            >
              <div
                class="custom-section-item-loader__image"
              />
              <div
                class="custom-section-item-loader__skeleton-text__container"
              >
                <div
                  class="custom-section-item-loader__skeleton-text__header"
                />
                <div
                  class="custom-section-item-loader__skeleton-text__subheader"
                />
              </div>
            </div>
          </li>
          <li>
            <div
              class="custom-section-item-loader"
            >
              <div
                class="custom-section-item-loader__image"
              />
              <div
                class="custom-section-item-loader__skeleton-text__container"
              >
                <div
                  class="custom-section-item-loader__skeleton-text__header"
                />
                <div
                  class="custom-section-item-loader__skeleton-text__subheader"
                />
              </div>
            </div>
          </li>
        </ul>
      </section>
    </div>
  </body>,
  "container": <div>
    <section
      class="custom-section-loader"
    >
      <div
        class="custom-section-loader__header"
      >
        <div
          class="custom-section-loader__header__title"
        />
        <div
          class="custom-section-loader__header__redirection"
        />
      </div>
      <ul
        class="custom-section-loader__items"
      >
        <li>
          <div
            class="custom-section-item-loader"
          >
            <div
              class="custom-section-item-loader__image"
            />
            <div
              class="custom-section-item-loader__skeleton-text__container"
            >
              <div
                class="custom-section-item-loader__skeleton-text__header"
              />
              <div
                class="custom-section-item-loader__skeleton-text__subheader"
              />
            </div>
          </div>
        </li>
        <li>
          <div
            class="custom-section-item-loader"
          >
            <div
              class="custom-section-item-loader__image"
            />
            <div
              class="custom-section-item-loader__skeleton-text__container"
            >
              <div
                class="custom-section-item-loader__skeleton-text__header"
              />
              <div
                class="custom-section-item-loader__skeleton-text__subheader"
              />
            </div>
          </div>
        </li>
        <li>
          <div
            class="custom-section-item-loader"
          >
            <div
              class="custom-section-item-loader__image"
            />
            <div
              class="custom-section-item-loader__skeleton-text__container"
            >
              <div
                class="custom-section-item-loader__skeleton-text__header"
              />
              <div
                class="custom-section-item-loader__skeleton-text__subheader"
              />
            </div>
          </div>
        </li>
        <li>
          <div
            class="custom-section-item-loader"
          >
            <div
              class="custom-section-item-loader__image"
            />
            <div
              class="custom-section-item-loader__skeleton-text__container"
            >
              <div
                class="custom-section-item-loader__skeleton-text__header"
              />
              <div
                class="custom-section-item-loader__skeleton-text__subheader"
              />
            </div>
          </div>
        </li>
        <li>
          <div
            class="custom-section-item-loader"
          >
            <div
              class="custom-section-item-loader__image"
            />
            <div
              class="custom-section-item-loader__skeleton-text__container"
            >
              <div
                class="custom-section-item-loader__skeleton-text__header"
              />
              <div
                class="custom-section-item-loader__skeleton-text__subheader"
              />
            </div>
          </div>
        </li>
        <li>
          <div
            class="custom-section-item-loader"
          >
            <div
              class="custom-section-item-loader__image"
            />
            <div
              class="custom-section-item-loader__skeleton-text__container"
            >
              <div
                class="custom-section-item-loader__skeleton-text__header"
              />
              <div
                class="custom-section-item-loader__skeleton-text__subheader"
              />
            </div>
          </div>
        </li>
        <li>
          <div
            class="custom-section-item-loader"
          >
            <div
              class="custom-section-item-loader__image"
            />
            <div
              class="custom-section-item-loader__skeleton-text__container"
            >
              <div
                class="custom-section-item-loader__skeleton-text__header"
              />
              <div
                class="custom-section-item-loader__skeleton-text__subheader"
              />
            </div>
          </div>
        </li>
        <li>
          <div
            class="custom-section-item-loader"
          >
            <div
              class="custom-section-item-loader__image"
            />
            <div
              class="custom-section-item-loader__skeleton-text__container"
            >
              <div
                class="custom-section-item-loader__skeleton-text__header"
              />
              <div
                class="custom-section-item-loader__skeleton-text__subheader"
              />
            </div>
          </div>
        </li>
        <li>
          <div
            class="custom-section-item-loader"
          >
            <div
              class="custom-section-item-loader__image"
            />
            <div
              class="custom-section-item-loader__skeleton-text__container"
            >
              <div
                class="custom-section-item-loader__skeleton-text__header"
              />
              <div
                class="custom-section-item-loader__skeleton-text__subheader"
              />
            </div>
          </div>
        </li>
        <li>
          <div
            class="custom-section-item-loader"
          >
            <div
              class="custom-section-item-loader__image"
            />
            <div
              class="custom-section-item-loader__skeleton-text__container"
            >
              <div
                class="custom-section-item-loader__skeleton-text__header"
              />
              <div
                class="custom-section-item-loader__skeleton-text__subheader"
              />
            </div>
          </div>
        </li>
        <li>
          <div
            class="custom-section-item-loader"
          >
            <div
              class="custom-section-item-loader__image"
            />
            <div
              class="custom-section-item-loader__skeleton-text__container"
            >
              <div
                class="custom-section-item-loader__skeleton-text__header"
              />
              <div
                class="custom-section-item-loader__skeleton-text__subheader"
              />
            </div>
          </div>
        </li>
        <li>
          <div
            class="custom-section-item-loader"
          >
            <div
              class="custom-section-item-loader__image"
            />
            <div
              class="custom-section-item-loader__skeleton-text__container"
            >
              <div
                class="custom-section-item-loader__skeleton-text__header"
              />
              <div
                class="custom-section-item-loader__skeleton-text__subheader"
              />
            </div>
          </div>
        </li>
        <li>
          <div
            class="custom-section-item-loader"
          >
            <div
              class="custom-section-item-loader__image"
            />
            <div
              class="custom-section-item-loader__skeleton-text__container"
            >
              <div
                class="custom-section-item-loader__skeleton-text__header"
              />
              <div
                class="custom-section-item-loader__skeleton-text__subheader"
              />
            </div>
          </div>
        </li>
        <li>
          <div
            class="custom-section-item-loader"
          >
            <div
              class="custom-section-item-loader__image"
            />
            <div
              class="custom-section-item-loader__skeleton-text__container"
            >
              <div
                class="custom-section-item-loader__skeleton-text__header"
              />
              <div
                class="custom-section-item-loader__skeleton-text__subheader"
              />
            </div>
          </div>
        </li>
        <li>
          <div
            class="custom-section-item-loader"
          >
            <div
              class="custom-section-item-loader__image"
            />
            <div
              class="custom-section-item-loader__skeleton-text__container"
            >
              <div
                class="custom-section-item-loader__skeleton-text__header"
              />
              <div
                class="custom-section-item-loader__skeleton-text__subheader"
              />
            </div>
          </div>
        </li>
      </ul>
    </section>
  </div>,
  "debug": [Function],
  "findAllByAltText": [Function],
  "findAllByDisplayValue": [Function],
  "findAllByLabelText": [Function],
  "findAllByPlaceholderText": [Function],
  "findAllByRole": [Function],
  "findAllByTestId": [Function],
  "findAllByText": [Function],
  "findAllByTitle": [Function],
  "findByAltText": [Function],
  "findByDisplayValue": [Function],
  "findByLabelText": [Function],
  "findByPlaceholderText": [Function],
  "findByRole": [Function],
  "findByTestId": [Function],
  "findByText": [Function],
  "findByTitle": [Function],
  "getAllByAltText": [Function],
  "getAllByDisplayValue": [Function],
  "getAllByLabelText": [Function],
  "getAllByPlaceholderText": [Function],
  "getAllByRole": [Function],
  "getAllByTestId": [Function],
  "getAllByText": [Function],
  "getAllByTitle": [Function],
  "getByAltText": [Function],
  "getByDisplayValue": [Function],
  "getByLabelText": [Function],
  "getByPlaceholderText": [Function],
  "getByRole": [Function],
  "getByTestId": [Function],
  "getByText": [Function],
  "getByTitle": [Function],
  "queryAllByAltText": [Function],
  "queryAllByDisplayValue": [Function],
  "queryAllByLabelText": [Function],
  "queryAllByPlaceholderText": [Function],
  "queryAllByRole": [Function],
  "queryAllByTestId": [Function],
  "queryAllByText": [Function],
  "queryAllByTitle": [Function],
  "queryByAltText": [Function],
  "queryByDisplayValue": [Function],
  "queryByLabelText": [Function],
  "queryByPlaceholderText": [Function],
  "queryByRole": [Function],
  "queryByTestId": [Function],
  "queryByText": [Function],
  "queryByTitle": [Function],
  "rerender": [Function],
  "unmount": [Function],
}
`;
