// Jest Snapshot v1, https://goo.gl/fbAQLP

exports[`PasswordResetForm render component without error 1`] = `
{
  "asFragment": [Function],
  "baseElement": <body>
    <div>
      <form
        class="ant-form ant-form-vertical ant-form-large css-dev-only-do-not-override-12upa3x password-reset-form"
        id="password-reset"
      >
        <div
          class="ant-form-item form-item css-dev-only-do-not-override-12upa3x"
        >
          <div
            class="ant-row ant-form-item-row css-dev-only-do-not-override-12upa3x"
          >
            <div
              class="ant-col ant-form-item-label css-dev-only-do-not-override-12upa3x"
            >
              <label
                class=""
                for="password-reset_login"
                title=""
              >
                <span
                  class="form-item__label"
                >
                  Email address or username
                </span>
              </label>
            </div>
            <div
              class="ant-col ant-form-item-control css-dev-only-do-not-override-12upa3x"
            >
              <div
                class="ant-form-item-control-input"
              >
                <div
                  class="ant-form-item-control-input-content"
                >
                  <input
                    class="ant-input ant-input-lg css-dev-only-do-not-override-12upa3x"
                    data-testid="input-type-text"
                    id="password-reset_login"
                    placeholder="Email address or username"
                    type="text"
                    value=""
                  />
                </div>
              </div>
            </div>
          </div>
        </div>
        <div
          class="ant-form-item submit-button css-dev-only-do-not-override-12upa3x"
        >
          <div
            class="ant-row ant-form-item-row css-dev-only-do-not-override-12upa3x"
          >
            <div
              class="ant-col ant-form-item-control css-dev-only-do-not-override-12upa3x"
            >
              <div
                class="ant-form-item-control-input"
              >
                <div
                  class="ant-form-item-control-input-content"
                >
                  <button
                    class="ant-btn css-dev-only-do-not-override-12upa3x ant-btn-primary ant-btn-lg"
                    data-testid="submit-button"
                    role="button"
                    type="submit"
                  >
                    <span>
                      Send
                    </span>
                  </button>
                </div>
              </div>
            </div>
          </div>
        </div>
      </form>
    </div>
  </body>,
  "container": <div>
    <form
      class="ant-form ant-form-vertical ant-form-large css-dev-only-do-not-override-12upa3x password-reset-form"
      id="password-reset"
    >
      <div
        class="ant-form-item form-item css-dev-only-do-not-override-12upa3x"
      >
        <div
          class="ant-row ant-form-item-row css-dev-only-do-not-override-12upa3x"
        >
          <div
            class="ant-col ant-form-item-label css-dev-only-do-not-override-12upa3x"
          >
            <label
              class=""
              for="password-reset_login"
              title=""
            >
              <span
                class="form-item__label"
              >
                Email address or username
              </span>
            </label>
          </div>
          <div
            class="ant-col ant-form-item-control css-dev-only-do-not-override-12upa3x"
          >
            <div
              class="ant-form-item-control-input"
            >
              <div
                class="ant-form-item-control-input-content"
              >
                <input
                  class="ant-input ant-input-lg css-dev-only-do-not-override-12upa3x"
                  data-testid="input-type-text"
                  id="password-reset_login"
                  placeholder="Email address or username"
                  type="text"
                  value=""
                />
              </div>
            </div>
          </div>
        </div>
      </div>
      <div
        class="ant-form-item submit-button css-dev-only-do-not-override-12upa3x"
      >
        <div
          class="ant-row ant-form-item-row css-dev-only-do-not-override-12upa3x"
        >
          <div
            class="ant-col ant-form-item-control css-dev-only-do-not-override-12upa3x"
          >
            <div
              class="ant-form-item-control-input"
            >
              <div
                class="ant-form-item-control-input-content"
              >
                <button
                  class="ant-btn css-dev-only-do-not-override-12upa3x ant-btn-primary ant-btn-lg"
                  data-testid="submit-button"
                  role="button"
                  type="submit"
                >
                  <span>
                    Send
                  </span>
                </button>
              </div>
            </div>
          </div>
        </div>
      </div>
    </form>
  </div>,
  "debug": [Function],
  "findAllByAltText": [Function],
  "findAllByDisplayValue": [Function],
  "findAllByLabelText": [Function],
  "findAllByPlaceholderText": [Function],
  "findAllByRole": [Function],
  "findAllByTestId": [Function],
  "findAllByText": [Function],
  "findAllByTitle": [Function],
  "findByAltText": [Function],
  "findByDisplayValue": [Function],
  "findByLabelText": [Function],
  "findByPlaceholderText": [Function],
  "findByRole": [Function],
  "findByTestId": [Function],
  "findByText": [Function],
  "findByTitle": [Function],
  "getAllByAltText": [Function],
  "getAllByDisplayValue": [Function],
  "getAllByLabelText": [Function],
  "getAllByPlaceholderText": [Function],
  "getAllByRole": [Function],
  "getAllByTestId": [Function],
  "getAllByText": [Function],
  "getAllByTitle": [Function],
  "getByAltText": [Function],
  "getByDisplayValue": [Function],
  "getByLabelText": [Function],
  "getByPlaceholderText": [Function],
  "getByRole": [Function],
  "getByTestId": [Function],
  "getByText": [Function],
  "getByTitle": [Function],
  "queryAllByAltText": [Function],
  "queryAllByDisplayValue": [Function],
  "queryAllByLabelText": [Function],
  "queryAllByPlaceholderText": [Function],
  "queryAllByRole": [Function],
  "queryAllByTestId": [Function],
  "queryAllByText": [Function],
  "queryAllByTitle": [Function],
  "queryByAltText": [Function],
  "queryByDisplayValue": [Function],
  "queryByLabelText": [Function],
  "queryByPlaceholderText": [Function],
  "queryByRole": [Function],
  "queryByTestId": [Function],
  "queryByText": [Function],
  "queryByTitle": [Function],
  "rerender": [Function],
  "unmount": [Function],
}
`;
