// Jest Snapshot v1, https://goo.gl/fbAQLP

exports[`LoveSongsSection render component without error 1`] = `
{
  "asFragment": [Function],
  "baseElement": <body>
    <div>
      <section
        class="custom-section"
      >
        <div
          class="custom-section__header"
        >
          <header>
            <a
              class="custom-section__header__title"
              data-testid="custom-section-header"
              href="/love-songs"
            >
              <h2>
                Love songs
              </h2>
            </a>
          </header>
          <a
            class="custom-section__header__redirection"
            data-testid="custom-section-show-all-items"
            href="/love-songs"
          >
            Show all
          </a>
        </div>
        <ul
          class="custom-section__items"
        >
          <li>
            <div
              class="custom-section-item"
            >
              <div
                class="custom-section-item__image"
              >
                <img
                  alt="image"
                  data-nimg="1"
                  decoding="async"
                  height="100"
                  loading="lazy"
                  src="/_next/image?url=%2Fsome-image-url1.jpg&w=256&q=75"
                  srcset="/_next/image?url=%2Fsome-image-url1.jpg&w=128&q=75 1x, /_next/image?url=%2Fsome-image-url1.jpg&w=256&q=75 2x"
                  style="color: transparent; height: 100%; width: 100%;"
                  width="100"
                />
                <button
                  class="custom-section-item__play-button"
                  data-testid="custom-section-item-play-button"
                >
                  <span
                    aria-label="caret-right"
                    class="anticon anticon-caret-right"
                    role="img"
                  >
                    <svg
                      aria-hidden="true"
                      data-icon="caret-right"
                      fill="currentColor"
                      focusable="false"
                      height="1em"
                      viewBox="0 0 1024 1024"
                      width="1em"
                    >
                      <path
                        d="M715.8 493.5L335 165.1c-14.2-12.2-35-1.2-35 18.5v656.8c0 19.7 20.8 30.7 35 18.5l380.8-328.4c10.9-9.4 10.9-27.6 0-37z"
                      />
                    </svg>
                  </span>
                </button>
              </div>
              <div
                class="music-track-informations"
              >
                <div
                  data-testid="music-track-informations-track-name-tooltip"
                  placement="right"
                >
                  <h4
                    class="music-track-informations__text"
                    data-testid="music-track-informations-track-name"
                  >
                    TestTrack
                  </h4>
                  <span>
                    TestTrack
                  </span>
                </div>
                <div
                  data-testid="music-track-informations-artist-name-tooltip"
                  placement="right"
                >
                  <a
                    class="music-track-informations__text music-track-informations__artist"
                    href="/artist/test_artist"
                  >
                    <span
                      data-testid="music-track-informations-artist-name"
                    >
                      Test_Artist
                    </span>
                  </a>
                  <span>
                    Test_Artist
                  </span>
                </div>
              </div>
            </div>
          </li>
          <li>
            <div
              class="custom-section-item"
            >
              <div
                class="custom-section-item__image"
              >
                <img
                  alt="image"
                  data-nimg="1"
                  decoding="async"
                  height="100"
                  loading="lazy"
                  src="/_next/image?url=%2Fsome-image-url1.jpg&w=256&q=75"
                  srcset="/_next/image?url=%2Fsome-image-url1.jpg&w=128&q=75 1x, /_next/image?url=%2Fsome-image-url1.jpg&w=256&q=75 2x"
                  style="color: transparent; height: 100%; width: 100%;"
                  width="100"
                />
                <button
                  class="custom-section-item__play-button"
                  data-testid="custom-section-item-play-button"
                >
                  <span
                    aria-label="caret-right"
                    class="anticon anticon-caret-right"
                    role="img"
                  >
                    <svg
                      aria-hidden="true"
                      data-icon="caret-right"
                      fill="currentColor"
                      focusable="false"
                      height="1em"
                      viewBox="0 0 1024 1024"
                      width="1em"
                    >
                      <path
                        d="M715.8 493.5L335 165.1c-14.2-12.2-35-1.2-35 18.5v656.8c0 19.7 20.8 30.7 35 18.5l380.8-328.4c10.9-9.4 10.9-27.6 0-37z"
                      />
                    </svg>
                  </span>
                </button>
              </div>
              <div
                class="music-track-informations"
              >
                <div
                  data-testid="music-track-informations-track-name-tooltip"
                  placement="right"
                >
                  <h4
                    class="music-track-informations__text"
                    data-testid="music-track-informations-track-name"
                  >
                    TestTrack
                  </h4>
                  <span>
                    TestTrack
                  </span>
                </div>
                <div
                  data-testid="music-track-informations-artist-name-tooltip"
                  placement="right"
                >
                  <a
                    class="music-track-informations__text music-track-informations__artist"
                    href="/artist/test_artist"
                  >
                    <span
                      data-testid="music-track-informations-artist-name"
                    >
                      Test_Artist
                    </span>
                  </a>
                  <span>
                    Test_Artist
                  </span>
                </div>
              </div>
            </div>
          </li>
          <li>
            <div
              class="custom-section-item"
            >
              <div
                class="custom-section-item__image"
              >
                <img
                  alt="image"
                  data-nimg="1"
                  decoding="async"
                  height="100"
                  loading="lazy"
                  src="/_next/image?url=%2Fsome-image-url1.jpg&w=256&q=75"
                  srcset="/_next/image?url=%2Fsome-image-url1.jpg&w=128&q=75 1x, /_next/image?url=%2Fsome-image-url1.jpg&w=256&q=75 2x"
                  style="color: transparent; height: 100%; width: 100%;"
                  width="100"
                />
                <button
                  class="custom-section-item__play-button"
                  data-testid="custom-section-item-play-button"
                >
                  <span
                    aria-label="caret-right"
                    class="anticon anticon-caret-right"
                    role="img"
                  >
                    <svg
                      aria-hidden="true"
                      data-icon="caret-right"
                      fill="currentColor"
                      focusable="false"
                      height="1em"
                      viewBox="0 0 1024 1024"
                      width="1em"
                    >
                      <path
                        d="M715.8 493.5L335 165.1c-14.2-12.2-35-1.2-35 18.5v656.8c0 19.7 20.8 30.7 35 18.5l380.8-328.4c10.9-9.4 10.9-27.6 0-37z"
                      />
                    </svg>
                  </span>
                </button>
              </div>
              <div
                class="music-track-informations"
              >
                <div
                  data-testid="music-track-informations-track-name-tooltip"
                  placement="right"
                >
                  <h4
                    class="music-track-informations__text"
                    data-testid="music-track-informations-track-name"
                  >
                    TestTrack
                  </h4>
                  <span>
                    TestTrack
                  </span>
                </div>
                <div
                  data-testid="music-track-informations-artist-name-tooltip"
                  placement="right"
                >
                  <a
                    class="music-track-informations__text music-track-informations__artist"
                    href="/artist/test_artist"
                  >
                    <span
                      data-testid="music-track-informations-artist-name"
                    >
                      Test_Artist
                    </span>
                  </a>
                  <span>
                    Test_Artist
                  </span>
                </div>
              </div>
            </div>
          </li>
        </ul>
      </section>
    </div>
  </body>,
  "container": <div>
    <section
      class="custom-section"
    >
      <div
        class="custom-section__header"
      >
        <header>
          <a
            class="custom-section__header__title"
            data-testid="custom-section-header"
            href="/love-songs"
          >
            <h2>
              Love songs
            </h2>
          </a>
        </header>
        <a
          class="custom-section__header__redirection"
          data-testid="custom-section-show-all-items"
          href="/love-songs"
        >
          Show all
        </a>
      </div>
      <ul
        class="custom-section__items"
      >
        <li>
          <div
            class="custom-section-item"
          >
            <div
              class="custom-section-item__image"
            >
              <img
                alt="image"
                data-nimg="1"
                decoding="async"
                height="100"
                loading="lazy"
                src="/_next/image?url=%2Fsome-image-url1.jpg&w=256&q=75"
                srcset="/_next/image?url=%2Fsome-image-url1.jpg&w=128&q=75 1x, /_next/image?url=%2Fsome-image-url1.jpg&w=256&q=75 2x"
                style="color: transparent; height: 100%; width: 100%;"
                width="100"
              />
              <button
                class="custom-section-item__play-button"
                data-testid="custom-section-item-play-button"
              >
                <span
                  aria-label="caret-right"
                  class="anticon anticon-caret-right"
                  role="img"
                >
                  <svg
                    aria-hidden="true"
                    data-icon="caret-right"
                    fill="currentColor"
                    focusable="false"
                    height="1em"
                    viewBox="0 0 1024 1024"
                    width="1em"
                  >
                    <path
                      d="M715.8 493.5L335 165.1c-14.2-12.2-35-1.2-35 18.5v656.8c0 19.7 20.8 30.7 35 18.5l380.8-328.4c10.9-9.4 10.9-27.6 0-37z"
                    />
                  </svg>
                </span>
              </button>
            </div>
            <div
              class="music-track-informations"
            >
              <div
                data-testid="music-track-informations-track-name-tooltip"
                placement="right"
              >
                <h4
                  class="music-track-informations__text"
                  data-testid="music-track-informations-track-name"
                >
                  TestTrack
                </h4>
                <span>
                  TestTrack
                </span>
              </div>
              <div
                data-testid="music-track-informations-artist-name-tooltip"
                placement="right"
              >
                <a
                  class="music-track-informations__text music-track-informations__artist"
                  href="/artist/test_artist"
                >
                  <span
                    data-testid="music-track-informations-artist-name"
                  >
                    Test_Artist
                  </span>
                </a>
                <span>
                  Test_Artist
                </span>
              </div>
            </div>
          </div>
        </li>
        <li>
          <div
            class="custom-section-item"
          >
            <div
              class="custom-section-item__image"
            >
              <img
                alt="image"
                data-nimg="1"
                decoding="async"
                height="100"
                loading="lazy"
                src="/_next/image?url=%2Fsome-image-url1.jpg&w=256&q=75"
                srcset="/_next/image?url=%2Fsome-image-url1.jpg&w=128&q=75 1x, /_next/image?url=%2Fsome-image-url1.jpg&w=256&q=75 2x"
                style="color: transparent; height: 100%; width: 100%;"
                width="100"
              />
              <button
                class="custom-section-item__play-button"
                data-testid="custom-section-item-play-button"
              >
                <span
                  aria-label="caret-right"
                  class="anticon anticon-caret-right"
                  role="img"
                >
                  <svg
                    aria-hidden="true"
                    data-icon="caret-right"
                    fill="currentColor"
                    focusable="false"
                    height="1em"
                    viewBox="0 0 1024 1024"
                    width="1em"
                  >
                    <path
                      d="M715.8 493.5L335 165.1c-14.2-12.2-35-1.2-35 18.5v656.8c0 19.7 20.8 30.7 35 18.5l380.8-328.4c10.9-9.4 10.9-27.6 0-37z"
                    />
                  </svg>
                </span>
              </button>
            </div>
            <div
              class="music-track-informations"
            >
              <div
                data-testid="music-track-informations-track-name-tooltip"
                placement="right"
              >
                <h4
                  class="music-track-informations__text"
                  data-testid="music-track-informations-track-name"
                >
                  TestTrack
                </h4>
                <span>
                  TestTrack
                </span>
              </div>
              <div
                data-testid="music-track-informations-artist-name-tooltip"
                placement="right"
              >
                <a
                  class="music-track-informations__text music-track-informations__artist"
                  href="/artist/test_artist"
                >
                  <span
                    data-testid="music-track-informations-artist-name"
                  >
                    Test_Artist
                  </span>
                </a>
                <span>
                  Test_Artist
                </span>
              </div>
            </div>
          </div>
        </li>
        <li>
          <div
            class="custom-section-item"
          >
            <div
              class="custom-section-item__image"
            >
              <img
                alt="image"
                data-nimg="1"
                decoding="async"
                height="100"
                loading="lazy"
                src="/_next/image?url=%2Fsome-image-url1.jpg&w=256&q=75"
                srcset="/_next/image?url=%2Fsome-image-url1.jpg&w=128&q=75 1x, /_next/image?url=%2Fsome-image-url1.jpg&w=256&q=75 2x"
                style="color: transparent; height: 100%; width: 100%;"
                width="100"
              />
              <button
                class="custom-section-item__play-button"
                data-testid="custom-section-item-play-button"
              >
                <span
                  aria-label="caret-right"
                  class="anticon anticon-caret-right"
                  role="img"
                >
                  <svg
                    aria-hidden="true"
                    data-icon="caret-right"
                    fill="currentColor"
                    focusable="false"
                    height="1em"
                    viewBox="0 0 1024 1024"
                    width="1em"
                  >
                    <path
                      d="M715.8 493.5L335 165.1c-14.2-12.2-35-1.2-35 18.5v656.8c0 19.7 20.8 30.7 35 18.5l380.8-328.4c10.9-9.4 10.9-27.6 0-37z"
                    />
                  </svg>
                </span>
              </button>
            </div>
            <div
              class="music-track-informations"
            >
              <div
                data-testid="music-track-informations-track-name-tooltip"
                placement="right"
              >
                <h4
                  class="music-track-informations__text"
                  data-testid="music-track-informations-track-name"
                >
                  TestTrack
                </h4>
                <span>
                  TestTrack
                </span>
              </div>
              <div
                data-testid="music-track-informations-artist-name-tooltip"
                placement="right"
              >
                <a
                  class="music-track-informations__text music-track-informations__artist"
                  href="/artist/test_artist"
                >
                  <span
                    data-testid="music-track-informations-artist-name"
                  >
                    Test_Artist
                  </span>
                </a>
                <span>
                  Test_Artist
                </span>
              </div>
            </div>
          </div>
        </li>
      </ul>
    </section>
  </div>,
  "debug": [Function],
  "findAllByAltText": [Function],
  "findAllByDisplayValue": [Function],
  "findAllByLabelText": [Function],
  "findAllByPlaceholderText": [Function],
  "findAllByRole": [Function],
  "findAllByTestId": [Function],
  "findAllByText": [Function],
  "findAllByTitle": [Function],
  "findByAltText": [Function],
  "findByDisplayValue": [Function],
  "findByLabelText": [Function],
  "findByPlaceholderText": [Function],
  "findByRole": [Function],
  "findByTestId": [Function],
  "findByText": [Function],
  "findByTitle": [Function],
  "getAllByAltText": [Function],
  "getAllByDisplayValue": [Function],
  "getAllByLabelText": [Function],
  "getAllByPlaceholderText": [Function],
  "getAllByRole": [Function],
  "getAllByTestId": [Function],
  "getAllByText": [Function],
  "getAllByTitle": [Function],
  "getByAltText": [Function],
  "getByDisplayValue": [Function],
  "getByLabelText": [Function],
  "getByPlaceholderText": [Function],
  "getByRole": [Function],
  "getByTestId": [Function],
  "getByText": [Function],
  "getByTitle": [Function],
  "queryAllByAltText": [Function],
  "queryAllByDisplayValue": [Function],
  "queryAllByLabelText": [Function],
  "queryAllByPlaceholderText": [Function],
  "queryAllByRole": [Function],
  "queryAllByTestId": [Function],
  "queryAllByText": [Function],
  "queryAllByTitle": [Function],
  "queryByAltText": [Function],
  "queryByDisplayValue": [Function],
  "queryByLabelText": [Function],
  "queryByPlaceholderText": [Function],
  "queryByRole": [Function],
  "queryByTestId": [Function],
  "queryByText": [Function],
  "queryByTitle": [Function],
  "rerender": [Function],
  "unmount": [Function],
}
`;
