// Jest Snapshot v1, https://goo.gl/fbAQLP

exports[`CustomSection renders component without error 1`] = `
{
  "asFragment": [Function],
  "baseElement": <body>
    <div>
      <section
        class="custom-section"
      >
        <div
          class="custom-section__header"
        >
          <header>
            <a
              class="custom-section__header__title"
              data-testid="custom-section-header"
              href="/mocked-url"
            >
              <h2>
                Test Section
              </h2>
            </a>
          </header>
          <a
            class="custom-section__header__redirection"
            data-testid="custom-section-show-all-items"
            href="/mocked-url"
          >
            Show all
          </a>
        </div>
        <div
          data-testid="child-test-id"
        >
          Mocked Content
        </div>
      </section>
    </div>
  </body>,
  "container": <div>
    <section
      class="custom-section"
    >
      <div
        class="custom-section__header"
      >
        <header>
          <a
            class="custom-section__header__title"
            data-testid="custom-section-header"
            href="/mocked-url"
          >
            <h2>
              Test Section
            </h2>
          </a>
        </header>
        <a
          class="custom-section__header__redirection"
          data-testid="custom-section-show-all-items"
          href="/mocked-url"
        >
          Show all
        </a>
      </div>
      <div
        data-testid="child-test-id"
      >
        Mocked Content
      </div>
    </section>
  </div>,
  "debug": [Function],
  "findAllByAltText": [Function],
  "findAllByDisplayValue": [Function],
  "findAllByLabelText": [Function],
  "findAllByPlaceholderText": [Function],
  "findAllByRole": [Function],
  "findAllByTestId": [Function],
  "findAllByText": [Function],
  "findAllByTitle": [Function],
  "findByAltText": [Function],
  "findByDisplayValue": [Function],
  "findByLabelText": [Function],
  "findByPlaceholderText": [Function],
  "findByRole": [Function],
  "findByTestId": [Function],
  "findByText": [Function],
  "findByTitle": [Function],
  "getAllByAltText": [Function],
  "getAllByDisplayValue": [Function],
  "getAllByLabelText": [Function],
  "getAllByPlaceholderText": [Function],
  "getAllByRole": [Function],
  "getAllByTestId": [Function],
  "getAllByText": [Function],
  "getAllByTitle": [Function],
  "getByAltText": [Function],
  "getByDisplayValue": [Function],
  "getByLabelText": [Function],
  "getByPlaceholderText": [Function],
  "getByRole": [Function],
  "getByTestId": [Function],
  "getByText": [Function],
  "getByTitle": [Function],
  "queryAllByAltText": [Function],
  "queryAllByDisplayValue": [Function],
  "queryAllByLabelText": [Function],
  "queryAllByPlaceholderText": [Function],
  "queryAllByRole": [Function],
  "queryAllByTestId": [Function],
  "queryAllByText": [Function],
  "queryAllByTitle": [Function],
  "queryByAltText": [Function],
  "queryByDisplayValue": [Function],
  "queryByLabelText": [Function],
  "queryByPlaceholderText": [Function],
  "queryByRole": [Function],
  "queryByTestId": [Function],
  "queryByText": [Function],
  "queryByTitle": [Function],
  "rerender": [Function],
  "unmount": [Function],
}
`;
